2026-09-16T03:09:24.855+05:30 [ws] ⇄ res ✓ plugin.approval.list 196ms conn=414fb1e6…9f98 id=2:437127e9-6…d2fd
2026-09-16T03:11:13.466+05:30 [ws] ⇄ res ✓ plugin.approval.waitDecision 1993ms conn=7b95d93f…e458 id=2:cff78b55-2…8cb0
2026-09-16T03:11:13.490+05:30 [tools] read failed: File not found: /Users/arpanghoshal/.openclaw-gap/workspace/.openclaw/tmp/probe.txt. raw_params={"path":".openclaw/tmp/probe.txt"}
2026-09-16T03:11:15.512+05:30 [ws] ⇄ res ✓ plugin.approval.waitDecision 1974ms conn=010a7dff…45a3 id=2:8ada9b12-8…79e0
2026-09-16T03:11:15.515+05:30 [tools] read failed: File not found: /Users/arpanghoshal/.openclaw-gap/workspace/.openclaw/tmp/probe.txt. raw_params={"path":".openclaw/tmp/probe.txt"}
2026-09-16T03:11:17.571+05:30 [ws] ⇄ res ✓ plugin.approval.waitDecision 2010ms conn=71d4efe5…6d1d id=2:da67c385-f…470e
2026-09-16T03:11:17.575+05:30 [tools] read failed: File not found: /Users/arpanghoshal/.openclaw-gap/workspace/.openclaw/tmp/probe.txt. raw_params={"path":".openclaw/tmp/probe.txt"}
2026-09-16T03:11:19.636+05:30 [ws] ⇄ res ✓ plugin.approval.waitDecision 2017ms conn=85297941…2d9d id=2:2f381da1-e…d379
2026-09-16T03:11:19.639+05:30 [tools] read failed: File not found: /Users/arpanghoshal/.openclaw-gap/workspace/.openclaw/tmp/probe.txt. raw_params={"path":".openclaw/tmp/probe.txt"}
2026-09-16T03:11:21.684+05:30 [ws] ⇄ res ✓ plugin.approval.waitDecision 2003ms conn=4521f16b…84b5 id=2:6d51474b-e…ed18
2026-09-16T03:11:21.687+05:30 [tools] read failed: File not found: /Users/arpanghoshal/.openclaw-gap/workspace/.openclaw/tmp/probe.txt. raw_params={"path":".openclaw/tmp/probe.txt"}
2026-09-16T03:11:23.713+05:30 [ws] ⇄ res ✓ plugin.approval.waitDecision 1979ms conn=bf83fdd3…e6e4 id=2:859d5db4-c…b949
2026-09-16T03:11:23.717+05:30 [tools] read failed: File not found: /Users/arpanghoshal/.openclaw-gap/workspace/.openclaw/tmp/probe.txt. raw_params={"path":".openclaw/tmp/probe.txt"}
2026-09-16T03:11:25.737+05:30 [ws] ⇄ res ✓ plugin.approval.waitDecision 1977ms conn=e05ec67b…01ec id=2:dec2aeb8-3…3f02
2026-09-16T03:11:25.740+05:30 [tools] read failed: File not found: /Users/arpanghoshal/.openclaw-gap/workspace/.openclaw/tmp/probe.txt. raw_params={"path":".openclaw/tmp/probe.txt"}
2026-09-16T03:11:27.814+05:30 [ws] ⇄ res ✓ plugin.approval.waitDecision 2027ms conn=97d4ba70…e4a3 id=2:902b2f5f-e…91ae
2026-09-16T03:11:27.818+05:30 [tools] read failed: File not found: /Users/arpanghoshal/.openclaw-gap/workspace/.openclaw/tmp/probe.txt. raw_params={"path":".openclaw/tmp/probe.txt"}
2026-09-16T03:11:29.861+05:30 [ws] ⇄ res ✓ plugin.approval.waitDecision 2001ms conn=ce9683bd…005d id=2:72d18b66-e…7ae0
2026-09-16T03:11:29.865+05:30 [tools] read failed: File not found: /Users/arpanghoshal/.openclaw-gap/workspace/.openclaw/tmp/probe.txt. raw_params={"path":".openclaw/tmp/probe.txt"}
2026-09-16T03:11:31.882+05:30 [ws] ⇄ res ✓ plugin.approval.waitDecision 1972ms conn=0dd7f0e2…4bc7 id=2:7c5f68a4-9…0dad
2026-09-16T03:11:31.886+05:30 [tools] read failed: File not found: /Users/arpanghoshal/.openclaw-gap/workspace/.openclaw/tmp/probe.txt. raw_params={"path":".openclaw/tmp/probe.txt"}
2026-09-16T03:11:33.893+05:30 [ws] ⇄ res ✓ plugin.approval.waitDecision 1961ms conn=f3db182c…e3e6 id=2:7f321319-a…28ec
2026-09-16T03:11:33.896+05:30 [tools] read failed: File not found: /Users/arpanghoshal/.openclaw-gap/workspace/.openclaw/tmp/probe.txt. raw_params={"path":".openclaw/tmp/probe.txt"}
2026-09-16T03:11:35.993+05:30 [ws] ⇄ res ✓ plugin.approval.waitDecision 2051ms conn=f45568e5…019d id=2:5b4c7e96-9…dc99
2026-09-16T03:11:35.996+05:30 [tools] read failed: File not found: /Users/arpanghoshal/.openclaw-gap/workspace/.openclaw/tmp/probe.txt. raw_params={"path":".openclaw/tmp/probe.txt"}
2026-09-16T03:11:38.184+05:30 [ws] ⇄ res ✓ plugin.approval.waitDecision 2148ms conn=a53057fd…480d id=2:8cdf98f3-8…3bc1
2026-09-16T03:11:38.187+05:30 [tools] read failed: File not found: /Users/arpanghoshal/.openclaw-gap/workspace/.openclaw/tmp/probe.txt. raw_params={"path":".openclaw/tmp/probe.txt"}
2026-09-16T03:11:40.214+05:30 [ws] ⇄ res ✓ plugin.approval.waitDecision 1959ms conn=394b9fbe…cd82 id=2:940a59b2-d…fc46
2026-09-16T03:11:40.218+05:30 [tools] read failed: File not found: /Users/arpanghoshal/.openclaw-gap/workspace/.openclaw/tmp/probe.txt. raw_params={"path":".openclaw/tmp/probe.txt"}
2026-09-16T03:11:42.267+05:30 [ws] ⇄ res ✓ plugin.approval.waitDecision 2005ms conn=8ebc9f62…7baf id=2:ab331c1b-b…362b
2026-09-16T03:11:42.270+05:30 [tools] read failed: File not found: /Users/arpanghoshal/.openclaw-gap/workspace/.openclaw/tmp/probe.txt. raw_params={"path":".openclaw/tmp/probe.txt"}
2026-09-16T03:11:44.312+05:30 [ws] ⇄ res ✓ plugin.approval.waitDecision 2002ms conn=b622c4ba…b511 id=2:f920802c-3…0709
2026-09-16T03:11:44.315+05:30 [tools] read failed: File not found: /Users/arpanghoshal/.openclaw-gap/workspace/.openclaw/tmp/probe.txt. raw_params={"path":".openclaw/tmp/probe.txt"}
2026-09-16T03:11:46.384+05:30 [ws] ⇄ res ✓ plugin.approval.waitDecision 2011ms conn=c384a32f…4d00 id=2:9ee9ce8d-3…c6fc
2026-09-16T03:11:46.386+05:30 [tools] read failed: File not found: /Users/arpanghoshal/.openclaw-gap/workspace/.openclaw/tmp/probe.txt. raw_params={"path":".openclaw/tmp/probe.txt"}
2026-09-16T03:11:48.444+05:30 [ws] ⇄ res ✓ plugin.approval.waitDecision 2018ms conn=7b8de2e0…7708 id=2:2cf4342c-e…d9a0
2026-09-16T03:11:48.447+05:30 [tools] read failed: File not found: /Users/arpanghoshal/.openclaw-gap/workspace/.openclaw/tmp/probe.txt. raw_params={"path":".openclaw/tmp/probe.txt"}
2026-09-16T03:11:50.489+05:30 [ws] ⇄ res ✓ plugin.approval.waitDecision 1999ms conn=5a9b54dc…8757 id=2:1b0bd9af-d…394c
2026-09-16T03:11:50.494+05:30 [tools] read failed: File not found: /Users/arpanghoshal/.openclaw-gap/workspace/.openclaw/tmp/probe.txt. raw_params={"path":".openclaw/tmp/probe.txt"}
2026-09-16T03:11:52.543+05:30 [ws] ⇄ res ✓ plugin.approval.waitDecision 2004ms conn=235da754…98ae id=2:371129bc-a…af16
